---
source: crates/rolldown_testing/src/integration_test.rs
---
# Assets

## a.js

```js
import { foo } from "./common.js";

//#region a/entry.js
console.log(foo);

//#endregion
```
## b.js

```js
import { foo } from "./common.js";

//#region b/entry.js
console.log(foo);

//#endregion
```
## common.js

```js

//#region common.js
let foo = 123;

//#endregion
export { foo };
```
