---
source: crates/rolldown_testing/src/integration_test.rs
snapshot_kind: text
---
# Assets

## entry.js

```js


//#region y.json
var y_default = {
	"y1": true,
	"y2": false
};

//#endregion
//#region x.json
var require_x = __commonJS({ "x.json"(exports, module) {
	module.exports = { "x": true };
} });

//#endregion
//#region entry.js
const x_json = require_x();
console.log(x_json, y_default, small, fi);

//#endregion
```
